{
  "annotations": {
    "title": "Get code scanning alert",
    "readOnlyHint": true
  },
  "description": "Get details of a specific code scanning alert in a GitHub repository.",
  "inputSchema": {
    "properties": {
      "alertNumber": {
        "description": "Alert number",
        "type": "number"
      },
      "owner": {
        "description": "Repository owner",
        "type": "string"
      },
      "repo": {
        "description": "Repository name",
        "type": "string"
      }
    },
    "required": [
      "owner",
      "repo",
      "alertNumber"
    ],
    "type": "object"
  },
  "name": "get_code_scanning_alert"
}